// Jest Snapshot v1, https://goo.gl/fbAQLP

exports[`<Pokemon List /> renders correctly 1`] = `
<View
  style={
    Object {
      "backgroundColor": "#a3ccae",
      "flex": 1,
    }
  }
>
  <View
    style={
      Object {
        "backgroundColor": "transparent",
        "marginTop": 20,
        "padding": 24,
        "zIndex": 100,
      }
    }
  >
    <View
      style={
        Object {
          "alignItems": "center",
          "flexDirection": "row",
          "justifyContent": "space-between",
        }
      }
    >
      <View
        accessible={true}
        focusable={true}
        onClick={[Function]}
        onResponderGrant={[Function]}
        onResponderMove={[Function]}
        onResponderRelease={[Function]}
        onResponderTerminate={[Function]}
        onResponderTerminationRequest={[Function]}
        onStartShouldSetResponder={[Function]}
        style={
          Object {
            "opacity": 1,
          }
        }
      >
        <Text />
      </View>
      <View
        style={
          Object {
            "alignItems": "center",
          }
        }
      >
        <Text
          style={
            Object {
              "color": "#FFF",
              "fontSize": 32,
              "fontWeight": "bold",
              "letterSpacing": 1,
              "lineHeight": 32,
              "paddingTop": 12,
              "textAlign": "center",
              "textTransform": "uppercase",
            }
          }
        >
          ivysaur
        </Text>
      </View>
      <View />
    </View>
  </View>
  <RCTScrollView
    contentContainerStyle={
      Object {
        "alignItems": "center",
        "justifyContent": "center",
        "marginBottom": 20,
        "marginTop": -12,
      }
    }
    showsVerticalScrollIndicator={false}
    style={
      Object {
        "paddingTop": 12,
      }
    }
  >
    <View>
      <View
        style={
          Object {
            "alignItems": "center",
            "justifyContent": "center",
            "width": "100%",
          }
        }
      >
        <View
          style={
            Object {
              "alignItems": "flex-start",
              "flex": 1,
              "justifyContent": "flex-start",
              "marginVertical": 15,
            }
          }
        >
          <View
            style={
              Object {
                "flexDirection": "row",
              }
            }
          >
            <Text
              style={
                Object {
                  "color": "#f5f5f5",
                  "fontSize": 24,
                  "fontWeight": "bold",
                  "marginRight": 8,
                }
              }
            >
              #2
            </Text>
            <Text
              style={
                Object {
                  "color": "#FFF",
                  "fontSize": 24,
                  "fontWeight": "bold",
                }
              }
            >
              IVYSAUR
            </Text>
          </View>
          <View
            style={
              Object {
                "flexDirection": "row",
                "marginBottom": -10,
                "marginTop": 10,
                "width": "100%",
              }
            }
          >
            <View
              style={
                Array [
                  Object {
                    "alignItems": "center",
                    "borderRadius": 30,
                    "height": 20,
                    "justifyContent": "center",
                    "marginHorizontal": 4,
                    "maxHeight": 20,
                    "maxWidth": 100,
                    "textAlign": "center",
                    "width": 68,
                  },
                  Object {
                    "backgroundColor": "#00bf30",
                  },
                ]
              }
            >
              <Text
                style={
                  Object {
                    "color": "#FFF",
                    "fontSize": 10,
                    "fontWeight": "bold",
                  }
                }
              >
                GRASS
              </Text>
            </View>
            <View
              style={
                Array [
                  Object {
                    "alignItems": "center",
                    "borderRadius": 30,
                    "height": 20,
                    "justifyContent": "center",
                    "marginHorizontal": 4,
                    "maxHeight": 20,
                    "maxWidth": 100,
                    "textAlign": "center",
                    "width": 68,
                  },
                  Object {
                    "backgroundColor": "#b216f0",
                  },
                ]
              }
            >
              <Text
                style={
                  Object {
                    "color": "#FFF",
                    "fontSize": 10,
                    "fontWeight": "bold",
                  }
                }
              >
                POISON
              </Text>
            </View>
          </View>
        </View>
        <View>
          <Image
            source={
              Object {
                "uri": "https://raw.githubusercontent.com/PokeAPI/sprites/master/sprites/pokemon/2.png",
              }
            }
            style={
              Object {
                "height": 175,
                "width": 175,
              }
            }
          />
        </View>
        <View
          style={
            Object {
              "alignItems": "center",
              "flexDirection": "row",
              "justifyContent": "center",
              "marginBottom": 12,
              "marginTop": -12,
              "width": "100%",
            }
          }
        />
      </View>
      <View
        style={
          Object {
            "alignItems": "center",
            "backgroundColor": "#FFF",
            "borderTopLeftRadius": 30,
            "borderTopRightRadius": 30,
            "flex": 1,
            "height": "100%",
            "justifyContent": "center",
            "paddingVertical": 30,
            "width": "100%",
          }
        }
      >
        <View
          style={
            Array [
              Object {
                "alignItems": "flex-start",
                "flex": 1,
                "justifyContent": "flex-start",
                "marginVertical": 15,
              },
              Object {
                "alignContent": "center",
                "flexDirection": "row",
              },
            ]
          }
        >
          <Text
            style={
              Array [
                Object {
                  "fontSize": 18,
                  "fontWeight": "bold",
                  "marginBottom": 12,
                  "marginRight": 10,
                  "textAlign": "center",
                },
                Object {
                  "fontSize": 16,
                },
              ]
            }
          >
            HEIGHT:
          </Text>
          <Text
            style={
              Object {
                "alignItems": "center",
                "color": "#32264d",
                "fontSize": 16,
                "fontWeight": "normal",
                "justifyContent": "center",
              }
            }
          >
            1.00
             m
          </Text>
          <Text
            style={
              Array [
                Object {
                  "fontSize": 16,
                  "fontWeight": "bold",
                  "marginHorizontal": 16,
                },
              ]
            }
          >
            |
          </Text>
          <Text
            style={
              Array [
                Object {
                  "fontSize": 18,
                  "fontWeight": "bold",
                  "marginBottom": 12,
                  "marginRight": 10,
                  "textAlign": "center",
                },
                Object {
                  "fontSize": 16,
                },
              ]
            }
          >
            WEIGHT:
          </Text>
          <Text
            style={
              Object {
                "alignItems": "center",
                "color": "#32264d",
                "fontSize": 16,
                "fontWeight": "normal",
                "justifyContent": "center",
              }
            }
          >
            13.00
             kg
          </Text>
        </View>
        <View
          style={
            Object {
              "borderBottomColor": "#bcbbc1",
              "borderBottomWidth": 0.5,
              "height": 1,
              "marginBottom": 10,
              "width": 300,
            }
          }
        />
        <View
          style={
            Object {
              "alignItems": "flex-start",
              "flex": 1,
              "justifyContent": "flex-start",
              "marginVertical": 15,
            }
          }
        >
          <Text
            style={
              Object {
                "fontSize": 18,
                "fontWeight": "bold",
                "marginBottom": 12,
                "marginRight": 10,
                "textAlign": "center",
              }
            }
          >
            ABILITIES
          </Text>
          <View>
            <Text
              style={
                Object {
                  "fontSize": 18,
                  "fontWeight": "normal",
                  "marginVertical": 5,
                  "textAlign": "center",
                }
              }
            >
              OVERGROW
            </Text>
          </View>
          <View>
            <Text
              style={
                Object {
                  "fontSize": 18,
                  "fontWeight": "normal",
                  "marginVertical": 5,
                  "textAlign": "center",
                }
              }
            >
              CHLOROPHYLL
            </Text>
          </View>
        </View>
        <View
          style={
            Object {
              "borderBottomColor": "#bcbbc1",
              "borderBottomWidth": 0.5,
              "height": 1,
              "marginBottom": 10,
              "width": 300,
            }
          }
        />
        <View
          style={
            Array [
              Object {
                "flexDirection": "column",
                "width": "100%",
              },
              Object {
                "marginBottom": 32,
              },
            ]
          }
        >
          <Text
            style={
              Object {
                "fontSize": 18,
                "fontWeight": "bold",
                "marginBottom": 12,
                "marginRight": 10,
                "textAlign": "center",
              }
            }
          >
            STATS
          </Text>
          <View
            style={
              Object {
                "marginHorizontal": 55,
              }
            }
          >
            <View
              style={
                Object {
                  "flexDirection": "row",
                  "justifyContent": "space-between",
                }
              }
            >
              <Text
                style={
                  Object {
                    "fontSize": 16,
                    "fontWeight": "bold",
                    "marginVertical": 5,
                  }
                }
              >
                HP
                :
                 
              </Text>
              <Text
                style={
                  Object {
                    "fontSize": 16,
                    "fontWeight": "normal",
                    "marginVertical": 5,
                  }
                }
              >
                60
              </Text>
            </View>
            <View
              style={
                Object {
                  "flexDirection": "row",
                  "justifyContent": "space-between",
                }
              }
            >
              <Text
                style={
                  Object {
                    "fontSize": 16,
                    "fontWeight": "bold",
                    "marginVertical": 5,
                  }
                }
              >
                ATTACK
                :
                 
              </Text>
              <Text
                style={
                  Object {
                    "fontSize": 16,
                    "fontWeight": "normal",
                    "marginVertical": 5,
                  }
                }
              >
                62
              </Text>
            </View>
            <View
              style={
                Object {
                  "flexDirection": "row",
                  "justifyContent": "space-between",
                }
              }
            >
              <Text
                style={
                  Object {
                    "fontSize": 16,
                    "fontWeight": "bold",
                    "marginVertical": 5,
                  }
                }
              >
                DEFENSE
                :
                 
              </Text>
              <Text
                style={
                  Object {
                    "fontSize": 16,
                    "fontWeight": "normal",
                    "marginVertical": 5,
                  }
                }
              >
                63
              </Text>
            </View>
            <View
              style={
                Object {
                  "flexDirection": "row",
                  "justifyContent": "space-between",
                }
              }
            >
              <Text
                style={
                  Object {
                    "fontSize": 16,
                    "fontWeight": "bold",
                    "marginVertical": 5,
                  }
                }
              >
                SPECIAL-ATTACK
                :
                 
              </Text>
              <Text
                style={
                  Object {
                    "fontSize": 16,
                    "fontWeight": "normal",
                    "marginVertical": 5,
                  }
                }
              >
                80
              </Text>
            </View>
            <View
              style={
                Object {
                  "flexDirection": "row",
                  "justifyContent": "space-between",
                }
              }
            >
              <Text
                style={
                  Object {
                    "fontSize": 16,
                    "fontWeight": "bold",
                    "marginVertical": 5,
                  }
                }
              >
                SPECIAL-DEFENSE
                :
                 
              </Text>
              <Text
                style={
                  Object {
                    "fontSize": 16,
                    "fontWeight": "normal",
                    "marginVertical": 5,
                  }
                }
              >
                80
              </Text>
            </View>
            <View
              style={
                Object {
                  "flexDirection": "row",
                  "justifyContent": "space-between",
                }
              }
            >
              <Text
                style={
                  Object {
                    "fontSize": 16,
                    "fontWeight": "bold",
                    "marginVertical": 5,
                  }
                }
              >
                SPEED
                :
                 
              </Text>
              <Text
                style={
                  Object {
                    "fontSize": 16,
                    "fontWeight": "normal",
                    "marginVertical": 5,
                  }
                }
              >
                60
              </Text>
            </View>
          </View>
        </View>
        <View
          style={
            Object {
              "borderBottomColor": "#bcbbc1",
              "borderBottomWidth": 0.5,
              "height": 1,
              "marginBottom": 10,
              "width": 300,
            }
          }
        />
        <Text
          style={
            Object {
              "fontSize": 18,
              "fontWeight": "bold",
              "marginBottom": 12,
              "marginRight": 10,
              "textAlign": "center",
            }
          }
        >
          EVOLUTIONS
        </Text>
        <View
          style={
            Object {
              "flex": 1,
              "margin": 8,
              "width": "90%",
            }
          }
        />
      </View>
    </View>
  </RCTScrollView>
</View>
`;
