// Jest Snapshot v1, https://goo.gl/fbAQLP

exports[`<EmptyList /> renders empty list component correctly 1`] = `
<View
  style={
    Object {
      "alignItems": "center",
      "flex": 1,
      "justifyContent": "center",
      "marginTop": "50%",
    }
  }
>
  <Text />
  <Text
    style={
      Object {
        "fontSize": 20,
        "fontWeight": "normal",
        "marginVertical": 16,
      }
    }
  >
    We couldn't find pokemons
  </Text>
</View>
`;
